≡ƒº¬ Starting MacroSignal Radar Pro Analytics Unit Tests...
Γ£à Data Generator test: Loaded 500 candles for BTC.
Γ£à Technical indicators computed: RSI (last: 55.51), MACD (last: 791.1000), ATR (last: 2176.29).
Γ£à Technical indicator math check: OK.
Γ£à Market Regime Classified: Liquidity-expansion (Scores: {"Low-volatility":27.739251040221916,"High-inflation":26.9,"Crisis":10.815,"Rate-hiking":43.75,"Liquidity-expansion":76.16}).
≡ƒöì Model component check:
   - Features: [0.555123596119051,-166.01915887197788,0.15171446382137505,0.03715162870588267,0.2884,0.39299999999999996,0.7104]
Γ£à ML Ensemble Inference: Prob of Up: 66.5%, Confidence: 77%, Return Range: [-2.8%, 4.88%].
Γ£à Machine Learning Ensemble check: OK.
Γ£à Vector Autoregression check: NASDAQ leads BTC: causalLink = false (F-stat: 0.098, p-value: 0.65).
Γ£à Anomaly Detector check: Identified 26 anomalies in BTC history.
Γ£à Backtest Simulation run successfully:
   - Total Invested: $10000
   - Final value: $11049.83
   - Cumulative Return: +10.5%
   - Max Drawdown: -0.13%
   - Sharpe Ratio: 5.421
   - Total Trades executed: 34
Γ£à Backtester calculations check: OK.

≡ƒÄë ALL QUANTITATIVE ANALYTICS TESTS PASSED SUCCESSFULLY! ≡ƒÄë
